// Jest Snapshot v1, https://goo.gl/fbAQLP

exports[`<HomeScreen /> Should render the <HomeScreen /> component 1`] = `null`;

exports[`renders correctly 1`] = `
<View
  style={
    Object {
      "backgroundColor": "#EFEdF4",
      "flex": 1,
    }
  }
>
  <View
    style={
      Object {
        "alignItems": "center",
        "backgroundColor": "#204051",
        "borderBottomColor": "#EbECf4",
        "borderBottomWidth": 1,
        "justifyContent": "center",
        "paddingBottom": 16,
        "paddingTop": 40,
        "shadowColor": "#454D65",
        "shadowOffset": Object {
          "height": 5,
        },
        "shadowOpacity": 0.2,
        "shadowRadius": 15,
        "zIndex": 10,
      }
    }
  >
    <Text
      style={
        Object {
          "fontSize": 20,
          "fontWeight": "500",
        }
      }
    >
      Home 
    </Text>
  </View>
  <RCTScrollView
    data={false}
    disableVirtualization={false}
    getItem={[Function]}
    getItemCount={[Function]}
    horizontal={false}
    initialNumToRender={10}
    keyExtractor={[Function]}
    maxToRenderPerBatch={10}
    numColumns={1}
    onContentSizeChange={[Function]}
    onEndReachedThreshold={2}
    onLayout={[Function]}
    onMomentumScrollEnd={[Function]}
    onScroll={[Function]}
    onScrollBeginDrag={[Function]}
    onScrollEndDrag={[Function]}
    removeClippedSubviews={false}
    renderItem={[Function]}
    scrollEventThrottle={50}
    showsVerticalScrollIndicator={false}
    stickyHeaderIndices={Array []}
    style={
      Object {
        "marginHorizontal": 16,
      }
    }
    updateCellsBatchingPeriod={50}
    viewabilityConfigCallbackPairs={Array []}
    windowSize={21}
  >
    <View />
  </RCTScrollView>
</View>
`;
