// Jest Snapshot v1, https://goo.gl/fbAQLP

exports[`renders correctly 1`] = `
<View
  style={
    Object {
      "backgroundColor": "#EFEdF4",
      "flex": 1,
    }
  }
>
  <RCTScrollView
    showsVerticalScrollIndicator={false}
  >
    <View>
      <View
        style={
          Object {
            "backgroundColor": "#204051",
            "borderBottomColor": "#EBECF4",
            "borderBottomWidth": 1,
            "paddingBottom": 16,
            "paddingTop": 15,
            "shadowColor": "#454D65",
            "shadowOffset": Object {
              "height": 5,
            },
            "shadowOpacity": 0.2,
            "shadowRadius": 15,
            "zIndex": 10,
          }
        }
      >
        <ViewManagerAdapter_ExpoLinearGradient
          proxiedProperties={
            Object {
              "colors": Array [
                4278255316,
                0,
              ],
              "endPoint": undefined,
              "locations": undefined,
              "startPoint": undefined,
            }
          }
          style={
            Object {
              "height": 467,
              "left": 0,
              "position": "absolute",
              "right": 0,
              "top": 0,
            }
          }
        />
        <RNGestureHandlerButton
          collapsable={false}
          onGestureEvent={[Function]}
          onGestureHandlerEvent={[Function]}
          onGestureHandlerStateChange={[Function]}
          onHandlerStateChange={[Function]}
          rippleColor={0}
          style={
            Array [
              Object {
                "overflow": "hidden",
              },
              undefined,
            ]
          }
        >
          <View
            accessible={true}
            style={
              Object {
                "flex": 1,
                "height": 40,
                "marginLeft": 675,
                "marginRight": 22.5,
                "marginTop": 40,
                "opacity": 1,
                "width": 45,
              }
            }
          >
            <Text />
          </View>
        </RNGestureHandlerButton>
        <View
          style={
            Array [
              Object {
                "alignSelf": "center",
              },
              Object {
                "marginTop": 8,
              },
            ]
          }
        >
          <View
            style={
              Object {
                "borderRadius": 100,
                "height": 213.5,
                "shadowColor": "#202020",
                "shadowOffset": Object {
                  "height": 0,
                  "width": 0,
                },
                "shadowRadius": 5,
                "width": 262.5,
              }
            }
          >
            <Image
              source={1}
              style={
                Object {
                  "borderRadius": 100,
                  "height": 213.5,
                  "shadowColor": "#202020",
                  "shadowOffset": Object {
                    "height": 0,
                    "width": 0,
                  },
                  "shadowRadius": 5,
                  "width": 262.5,
                }
              }
            />
          </View>
        </View>
        <View
          style={
            Array [
              Object {
                "alignSelf": "center",
              },
              Object {
                "marginTop": 30,
              },
              Object {
                "marginBottom": 15,
              },
            ]
          }
        >
          <Text
            style={
              Array [
                Object {
                  "fontSize": 30,
                },
                Object {
                  "fontWeight": "400",
                },
              ]
            }
          >
            John Doe
          </Text>
        </View>
      </View>
      <View
        style={
          Object {
            "borderBottomWidth": 1.5,
            "flexDirection": "row",
            "marginLeft": 22.5,
            "marginRight": 22.5,
            "paddingBottom": 5,
          }
        }
      >
        <View
          style={
            Array [
              Object {
                "marginTop": 20,
              },
            ]
          }
        >
          <Text
            style={
              Array [
                Object {
                  "fontSize": 15,
                },
                Object {
                  "fontWeight": "700",
                },
              ]
            }
          >
            Bio 
          </Text>
        </View>
      </View>
      <View
        style={
          Object {
            "alignSelf": "center",
            "marginBottom": 40,
            "marginLeft": 22.5,
            "marginRight": 22.5,
            "marginTop": 40,
          }
        }
      >
        <Text>
          Lorem ipsum dolor sit amet, consectetur adipiscing elit. Nulla tincidunt enim quis laoreet dapibus. Nulla lacinia posuere diam aliquam tincidunt. Vivamus commodo ligula quis nisl placerat laoreet.
        </Text>
      </View>
      <View
        style={
          Object {
            "borderBottomWidth": 1.5,
            "flexDirection": "row",
            "marginLeft": 22.5,
            "marginRight": 22.5,
            "paddingBottom": 5,
          }
        }
      >
        <View
          style={
            Array [
              Object {
                "marginTop": 20,
              },
            ]
          }
        >
          <Text
            style={
              Array [
                Object {
                  "fontSize": 15,
                },
                Object {
                  "fontWeight": "700",
                },
              ]
            }
          >
            100 
          </Text>
          <Text
            style={
              Array [
                Object {
                  "fontSize": 10,
                },
                Object {
                  "fontWeight": "700",
                },
                Object {
                  "color": "grey",
                },
              ]
            }
          >
            Posts
          </Text>
        </View>
      </View>
      <View
        style={
          Object {
            "marginBottom": 40,
            "marginTop": 40,
          }
        }
      >
        <RCTScrollView
          horizontal={true}
          showsHorizontalScrollIndicator={false}
        >
          <View>
            <View
              style={
                Object {
                  "borderRadius": 12,
                  "height": 333.5,
                  "marginHorizontal": 26.5,
                  "overflow": "hidden",
                  "width": 352.5,
                }
              }
            >
              <Image
                resizeMode="cover"
                source={1}
                style={
                  Object {
                    "flex": 1,
                    "height": undefined,
                    "width": undefined,
                  }
                }
              />
            </View>
            <View
              style={
                Object {
                  "borderRadius": 12,
                  "height": 333.5,
                  "marginHorizontal": 26.5,
                  "overflow": "hidden",
                  "width": 352.5,
                }
              }
            >
              <Image
                resizeMode="cover"
                source={1}
                style={
                  Object {
                    "flex": 1,
                    "height": undefined,
                    "width": undefined,
                  }
                }
              />
            </View>
            <View
              style={
                Object {
                  "borderRadius": 12,
                  "height": 333.5,
                  "marginHorizontal": 26.5,
                  "overflow": "hidden",
                  "width": 352.5,
                }
              }
            >
              <Image
                resizeMode="cover"
                source={1}
                style={
                  Object {
                    "flex": 1,
                    "height": undefined,
                    "width": undefined,
                  }
                }
              />
            </View>
            <View
              style={
                Object {
                  "borderRadius": 12,
                  "height": 333.5,
                  "marginHorizontal": 26.5,
                  "overflow": "hidden",
                  "width": 352.5,
                }
              }
            >
              <Image
                resizeMode="cover"
                source={1}
                style={
                  Object {
                    "flex": 1,
                    "height": undefined,
                    "width": undefined,
                  }
                }
              />
            </View>
            <View
              style={
                Object {
                  "borderRadius": 12,
                  "height": 333.5,
                  "marginHorizontal": 26.5,
                  "overflow": "hidden",
                  "width": 352.5,
                }
              }
            >
              <Image
                resizeMode="cover"
                source={1}
                style={
                  Object {
                    "flex": 1,
                    "height": undefined,
                    "width": undefined,
                  }
                }
              />
            </View>
            <View
              style={
                Object {
                  "borderRadius": 12,
                  "height": 333.5,
                  "marginHorizontal": 26.5,
                  "overflow": "hidden",
                  "width": 352.5,
                }
              }
            >
              <Image
                resizeMode="cover"
                source={1}
                style={
                  Object {
                    "flex": 1,
                    "height": undefined,
                    "width": undefined,
                  }
                }
              />
            </View>
            <View
              style={
                Object {
                  "borderRadius": 12,
                  "height": 333.5,
                  "marginHorizontal": 26.5,
                  "overflow": "hidden",
                  "width": 352.5,
                }
              }
            >
              <Image
                resizeMode="cover"
                source={1}
                style={
                  Object {
                    "flex": 1,
                    "height": undefined,
                    "width": undefined,
                  }
                }
              />
            </View>
          </View>
        </RCTScrollView>
      </View>
    </View>
  </RCTScrollView>
</View>
`;
