// Jest Snapshot v1, https://goo.gl/fbAQLP

exports[`<TrainingScreen /> Should render the <TrainingScreen /> component 1`] = `null`;

exports[`renders correctly 1`] = `
<View
  style={
    Object {
      "backgroundColor": "#EFEdF4",
      "flex": 1,
    }
  }
>
  <View
    style={
      Object {
        "alignItems": "center",
        "backgroundColor": "#204051",
        "borderBottomColor": "#EbECf4",
        "borderBottomWidth": 1,
        "justifyContent": "center",
        "paddingBottom": 16,
        "paddingTop": 40,
        "shadowColor": "#454D65",
        "shadowOffset": Object {
          "height": 5,
        },
        "shadowOpacity": 0.2,
        "shadowRadius": 15,
        "zIndex": 10,
      }
    }
  >
    <Text
      style={
        Object {
          "fontSize": 20,
          "fontWeight": "500",
        }
      }
    >
      Training
    </Text>
  </View>
  <RCTScrollView
    showsVerticalScrollIndicator={false}
    style={
      Object {
        "alignSelf": "center",
      }
    }
  >
    <View>
      <View
        style={
          Object {
            "alignItems": "center",
            "backgroundColor": "#204051",
            "borderRadius": 5,
            "height": 93.5,
            "justifyContent": "center",
            "marginVertical": 8,
            "width": 682.5,
          }
        }
      >
        <Text
          style={
            Object {
              "color": "#00FED4",
              "fontSize": 20,
              "fontWeight": "500",
            }
          }
        >
          Upper Body
        </Text>
      </View>
      <Text
        style={
          Object {
            "fontSize": 16,
            "fontWeight": "500",
            "marginBottom": 5,
          }
        }
      >
        Biceps
      </Text>
      <RCTScrollView
        data={
          Array [
            Object {
              "name": "alternate hammer curl",
            },
            Object {
              "name": "alternate incline dumbbell curl",
            },
            Object {
              "name": "alternate hammer curl",
            },
            Object {
              "name": "alternate incline dumbbell curl",
            },
            Object {
              "name": "barbell curl",
            },
            Object {
              "name": "barbell curls lying against an incline",
            },
            Object {
              "name": "brachialis-smr",
            },
            Object {
              "name": "cable hammer curls - rope attachment",
            },
            Object {
              "name": "cable preacher curl",
            },
            Object {
              "name": "close-grip ez bar curl",
            },
            Object {
              "name": "close-grip ez-bar curl with band",
            },
            Object {
              "name": "close-grip standing barbell curl",
            },
            Object {
              "name": "concentration curls",
            },
            Object {
              "name": "cross body hammer curl",
            },
            Object {
              "name": "drag curl",
            },
            Object {
              "name": "dumbbell alternate bicep curl",
            },
            Object {
              "name": "dumbbell bicep curl",
            },
            Object {
              "name": "dumbbell prone incline curl",
            },
            Object {
              "name": "ez-bar curl",
            },
            Object {
              "name": "flexor incline dumbbell curls",
            },
            Object {
              "name": "hammer curls",
            },
            Object {
              "name": "high cable curls",
            },
            Object {
              "name": "incline dumbbell curl",
            },
            Object {
              "name": "incline hammer curls",
            },
            Object {
              "name": "incline inner biceps curl",
            },
            Object {
              "name": "lying cable curl",
            },
            Object {
              "name": "lying close-grip bar curl on high pulley",
            },
            Object {
              "name": "lying high bench barbell curl",
            },
            Object {
              "name": "lying supine dumbbell curl",
            },
            Object {
              "name": "machine bicep curl",
            },
            Object {
              "name": "machine preacher curls",
            },
            Object {
              "name": "one arm dumbbell preacher curl",
            },
            Object {
              "name": "overhead cable curl",
            },
            Object {
              "name": "preacher curl",
            },
            Object {
              "name": "preacher hammer dumbbell curl",
            },
            Object {
              "name": "reverse barbell curl",
            },
            Object {
              "name": "reverse barbell preacher curls",
            },
            Object {
              "name": "reverse cable curl",
            },
            Object {
              "name": "reverse plate curls",
            },
            Object {
              "name": "seated biceps",
            },
            Object {
              "name": "seated close-grip concentration barbell curl",
            },
            Object {
              "name": "seated dumbbell curl",
            },
            Object {
              "name": "seated dumbbell inner biceps curl",
            },
            Object {
              "name": "spider curl",
            },
            Object {
              "name": "standing biceps cable curl",
            },
            Object {
              "name": "standing biceps stretch",
            },
            Object {
              "name": "standing concentration curl",
            },
            Object {
              "name": "standing dumbbell reverse curl",
            },
            Object {
              "name": "standing inner-biceps curl",
            },
            Object {
              "name": "standing one-arm cable curl",
            },
            Object {
              "name": "standing one-arm dumbbell curl over incline bench",
            },
            Object {
              "name": "two-arm dumbbell preacher curl",
            },
            Object {
              "name": "wide-grip standing barbell curl",
            },
            Object {
              "name": "zottman curl",
            },
            Object {
              "name": "zottman preacher curl",
            },
          ]
        }
        disableVirtualization={false}
        getItem={[Function]}
        getItemCount={[Function]}
        horizontal={false}
        initialNumToRender={10}
        keyExtractor={[Function]}
        maxToRenderPerBatch={10}
        numColumns={1}
        onContentSizeChange={[Function]}
        onEndReachedThreshold={2}
        onLayout={[Function]}
        onMomentumScrollEnd={[Function]}
        onScroll={[Function]}
        onScrollBeginDrag={[Function]}
        onScrollEndDrag={[Function]}
        removeClippedSubviews={false}
        renderItem={[Function]}
        scrollEventThrottle={50}
        stickyHeaderIndices={Array []}
        style={
          Object {
            "backgroundColor": "white",
            "borderRadius": 5,
            "height": 400,
            "marginBottom": 8,
            "width": 682.5,
          }
        }
        updateCellsBatchingPeriod={50}
        viewabilityConfigCallbackPairs={Array []}
        windowSize={21}
      >
        <View>
          <View
            onLayout={[Function]}
            style={null}
          >
            <View>
              <Text>
                alternate hammer curl
              </Text>
            </View>
          </View>
          <View
            onLayout={[Function]}
            style={null}
          >
            <View>
              <Text>
                alternate incline dumbbell curl
              </Text>
            </View>
          </View>
          <View
            onLayout={[Function]}
            style={null}
          >
            <View>
              <Text>
                alternate hammer curl
              </Text>
            </View>
          </View>
          <View
            onLayout={[Function]}
            style={null}
          >
            <View>
              <Text>
                alternate incline dumbbell curl
              </Text>
            </View>
          </View>
          <View
            onLayout={[Function]}
            style={null}
          >
            <View>
              <Text>
                barbell curl
              </Text>
            </View>
          </View>
          <View
            onLayout={[Function]}
            style={null}
          >
            <View>
              <Text>
                barbell curls lying against an incline
              </Text>
            </View>
          </View>
          <View
            onLayout={[Function]}
            style={null}
          >
            <View>
              <Text>
                brachialis-smr
              </Text>
            </View>
          </View>
          <View
            onLayout={[Function]}
            style={null}
          >
            <View>
              <Text>
                cable hammer curls - rope attachment
              </Text>
            </View>
          </View>
          <View
            onLayout={[Function]}
            style={null}
          >
            <View>
              <Text>
                cable preacher curl
              </Text>
            </View>
          </View>
          <View
            onLayout={[Function]}
            style={null}
          >
            <View>
              <Text>
                close-grip ez bar curl
              </Text>
            </View>
          </View>
          <View
            style={
              Object {
                "height": 0,
              }
            }
          />
        </View>
      </RCTScrollView>
      <Text
        style={
          Object {
            "fontSize": 16,
            "fontWeight": "500",
            "marginBottom": 5,
          }
        }
      >
        Chest
      </Text>
      <RCTScrollView
        data={
          Array [
            Object {
              "name": "alternating floor press",
            },
            Object {
              "name": "around the worlds",
            },
            Object {
              "name": "alternating floor press",
            },
            Object {
              "name": "around the worlds",
            },
            Object {
              "name": "barbell bench press - medium grip",
            },
            Object {
              "name": "barbell guillotine bench press",
            },
            Object {
              "name": "barbell incline bench press - medium grip",
            },
            Object {
              "name": "behind head chest stretch",
            },
            Object {
              "name": "bench press - with bands",
            },
            Object {
              "name": "bent-arm dumbbell pullover",
            },
            Object {
              "name": "bodyweight flyes",
            },
            Object {
              "name": "butterfly",
            },
            Object {
              "name": "cable chest press",
            },
            Object {
              "name": "cable crossover",
            },
            Object {
              "name": "cable iron cross",
            },
            Object {
              "name": "chain press",
            },
            Object {
              "name": "chest and front of shoulder stretch",
            },
            Object {
              "name": "chest push (multiple response)",
            },
            Object {
              "name": "chest push (single response)",
            },
            Object {
              "name": "chest push from 3 point stance",
            },
            Object {
              "name": "chest push with run release",
            },
            Object {
              "name": "chest stretch on stability ball",
            },
            Object {
              "name": "clock push-up",
            },
            Object {
              "name": "cross over - with bands",
            },
            Object {
              "name": "decline barbell bench press",
            },
            Object {
              "name": "decline dumbbell bench press",
            },
            Object {
              "name": "decline dumbbell flyes",
            },
            Object {
              "name": "decline push-up",
            },
            Object {
              "name": "decline smith press",
            },
            Object {
              "name": "dips - chest version",
            },
            Object {
              "name": "drop push",
            },
            Object {
              "name": "dumbbell bench press",
            },
            Object {
              "name": "dumbbell bench press with neutral grip",
            },
            Object {
              "name": "dumbbell flyes",
            },
            Object {
              "name": "dynamic chest stretch",
            },
            Object {
              "name": "elbows back",
            },
            Object {
              "name": "extended range one-arm kettlebell floor press",
            },
            Object {
              "name": "flat bench cable flyes",
            },
            Object {
              "name": "forward drag with press",
            },
            Object {
              "name": "front raise and pullover",
            },
            Object {
              "name": "hammer grip incline db bench press",
            },
            Object {
              "name": "heavy bag thrust",
            },
            Object {
              "name": "incline cable chest press",
            },
            Object {
              "name": "incline cable flye",
            },
            Object {
              "name": "incline dumbbell bench with palms facing in",
            },
            Object {
              "name": "incline dumbbell flyes",
            },
            Object {
              "name": "incline dumbbell flyes - with a twist",
            },
            Object {
              "name": "incline dumbbell press",
            },
            Object {
              "name": "incline push-up",
            },
            Object {
              "name": "incline push-up depth jump",
            },
            Object {
              "name": "incline push-up medium",
            },
            Object {
              "name": "incline push-up reverse grip",
            },
            Object {
              "name": "incline push-up wide",
            },
            Object {
              "name": "isometric chest squeezes",
            },
            Object {
              "name": "isometric wipers",
            },
            Object {
              "name": "leg-over floor press",
            },
            Object {
              "name": "leverage chest press",
            },
            Object {
              "name": "leverage decline chest press",
            },
            Object {
              "name": "leverage incline chest press",
            },
            Object {
              "name": "low cable crossover",
            },
            Object {
              "name": "machine bench press",
            },
            Object {
              "name": "medicine ball chest pass",
            },
            Object {
              "name": "neck press",
            },
            Object {
              "name": "one arm dumbbell bench press",
            },
            Object {
              "name": "one-arm flat bench dumbbell flye",
            },
            Object {
              "name": "one-arm kettlebell floor press",
            },
            Object {
              "name": "plyo kettlebell pushups",
            },
            Object {
              "name": "plyo push-up",
            },
            Object {
              "name": "push up to side plank",
            },
            Object {
              "name": "push-up wide",
            },
            Object {
              "name": "push-ups with feet elevated",
            },
            Object {
              "name": "push-ups with feet on an exercise ball",
            },
            Object {
              "name": "pushups",
            },
            Object {
              "name": "pushups (close and wide hand positions)",
            },
            Object {
              "name": "single-arm cable crossover",
            },
            Object {
              "name": "single-arm push-up",
            },
            Object {
              "name": "smith machine bench press",
            },
            Object {
              "name": "smith machine decline press",
            },
            Object {
              "name": "smith machine incline bench press",
            },
            Object {
              "name": "standing cable chest press",
            },
            Object {
              "name": "straight-arm dumbbell pullover",
            },
            Object {
              "name": "suspended push-up",
            },
            Object {
              "name": "wide-grip barbell bench press",
            },
            Object {
              "name": "wide-grip decline barbell bench press",
            },
            Object {
              "name": "wide-grip decline barbell pullover",
            },
          ]
        }
        disableVirtualization={false}
        getItem={[Function]}
        getItemCount={[Function]}
        horizontal={false}
        initialNumToRender={10}
        keyExtractor={[Function]}
        maxToRenderPerBatch={10}
        numColumns={1}
        onContentSizeChange={[Function]}
        onEndReachedThreshold={2}
        onLayout={[Function]}
        onMomentumScrollEnd={[Function]}
        onScroll={[Function]}
        onScrollBeginDrag={[Function]}
        onScrollEndDrag={[Function]}
        removeClippedSubviews={false}
        renderItem={[Function]}
        scrollEventThrottle={50}
        stickyHeaderIndices={Array []}
        style={
          Object {
            "backgroundColor": "white",
            "borderRadius": 5,
            "height": 400,
            "marginBottom": 8,
            "width": 682.5,
          }
        }
        updateCellsBatchingPeriod={50}
        viewabilityConfigCallbackPairs={Array []}
        windowSize={21}
      >
        <View>
          <View
            onLayout={[Function]}
            style={null}
          >
            <View>
              <Text>
                alternating floor press
              </Text>
            </View>
          </View>
          <View
            onLayout={[Function]}
            style={null}
          >
            <View>
              <Text>
                around the worlds
              </Text>
            </View>
          </View>
          <View
            onLayout={[Function]}
            style={null}
          >
            <View>
              <Text>
                alternating floor press
              </Text>
            </View>
          </View>
          <View
            onLayout={[Function]}
            style={null}
          >
            <View>
              <Text>
                around the worlds
              </Text>
            </View>
          </View>
          <View
            onLayout={[Function]}
            style={null}
          >
            <View>
              <Text>
                barbell bench press - medium grip
              </Text>
            </View>
          </View>
          <View
            onLayout={[Function]}
            style={null}
          >
            <View>
              <Text>
                barbell guillotine bench press
              </Text>
            </View>
          </View>
          <View
            onLayout={[Function]}
            style={null}
          >
            <View>
              <Text>
                barbell incline bench press - medium grip
              </Text>
            </View>
          </View>
          <View
            onLayout={[Function]}
            style={null}
          >
            <View>
              <Text>
                behind head chest stretch
              </Text>
            </View>
          </View>
          <View
            onLayout={[Function]}
            style={null}
          >
            <View>
              <Text>
                bench press - with bands
              </Text>
            </View>
          </View>
          <View
            onLayout={[Function]}
            style={null}
          >
            <View>
              <Text>
                bent-arm dumbbell pullover
              </Text>
            </View>
          </View>
          <View
            style={
              Object {
                "height": 0,
              }
            }
          />
        </View>
      </RCTScrollView>
      <View
        style={
          Object {
            "alignItems": "center",
            "backgroundColor": "#204051",
            "borderRadius": 5,
            "height": 93.5,
            "justifyContent": "center",
            "marginVertical": 8,
            "width": 682.5,
          }
        }
      >
        <Text
          style={
            Object {
              "color": "#00FED4",
              "fontSize": 20,
              "fontWeight": "500",
            }
          }
        >
          Core
        </Text>
      </View>
      <View>
        <Text
          style={
            Object {
              "fontSize": 16,
              "fontWeight": "500",
              "marginBottom": 5,
            }
          }
        >
          Abdominals
        </Text>
      </View>
      <RCTScrollView
        data={
          Array [
            Object {
              "name": "ab crunch machine",
            },
            Object {
              "name": "ab roller",
            },
            Object {
              "name": "advanced kettlebell windmill",
            },
            Object {
              "name": "air bike",
            },
            Object {
              "name": "alternate heel touchers",
            },
            Object {
              "name": "ab crunch machine",
            },
            Object {
              "name": "ab roller",
            },
            Object {
              "name": "advanced kettlebell windmill",
            },
            Object {
              "name": "air bike",
            },
            Object {
              "name": "alternate heel touchers",
            },
            Object {
              "name": "barbell ab rollout",
            },
            Object {
              "name": "barbell ab rollout - on knees",
            },
            Object {
              "name": "barbell rollout from bench",
            },
            Object {
              "name": "barbell side bend",
            },
            Object {
              "name": "bent press",
            },
            Object {
              "name": "bent-knee hip raise",
            },
            Object {
              "name": "bosu ball cable crunch with side bends",
            },
            Object {
              "name": "bottoms up",
            },
            Object {
              "name": "butt-ups",
            },
            Object {
              "name": "cable crunch",
            },
            Object {
              "name": "cable judo flip",
            },
            Object {
              "name": "cable reverse crunch",
            },
            Object {
              "name": "cable russian twists",
            },
            Object {
              "name": "cable seated crunch",
            },
            Object {
              "name": "cable tuck reverse crunch",
            },
            Object {
              "name": "cocoons",
            },
            Object {
              "name": "cross-body crunch",
            },
            Object {
              "name": "crunch - hands overhead",
            },
            Object {
              "name": "crunch - legs on exercise ball",
            },
            Object {
              "name": "crunches",
            },
            Object {
              "name": "decline crunch",
            },
            Object {
              "name": "decline oblique crunch",
            },
            Object {
              "name": "decline reverse crunch",
            },
            Object {
              "name": "double kettlebell windmill",
            },
            Object {
              "name": "dumbbell side bend",
            },
            Object {
              "name": "elbow to knee",
            },
            Object {
              "name": "exercise ball crunch",
            },
            Object {
              "name": "exercise ball pull-in",
            },
            Object {
              "name": "flat bench leg pull-in",
            },
            Object {
              "name": "flat bench lying leg raise",
            },
            Object {
              "name": "frog sit-ups",
            },
            Object {
              "name": "gorilla chin/crunch",
            },
            Object {
              "name": "hanging leg raise",
            },
            Object {
              "name": "hanging pike",
            },
            Object {
              "name": "jackknife sit-up",
            },
            Object {
              "name": "janda sit-up",
            },
            Object {
              "name": "kettlebell figure 8",
            },
            Object {
              "name": "kettlebell pass between the legs",
            },
            Object {
              "name": "kettlebell windmill",
            },
            Object {
              "name": "knee/hip raise on parallel bars",
            },
            Object {
              "name": "kneeling cable crunch with alternating oblique twists",
            },
            Object {
              "name": "landmine 180's",
            },
            Object {
              "name": "leg pull-in",
            },
            Object {
              "name": "lower back curl",
            },
            Object {
              "name": "medicine ball full twist",
            },
            Object {
              "name": "oblique crunches",
            },
            Object {
              "name": "oblique crunches - on the floor",
            },
            Object {
              "name": "one-arm high-pulley cable side bends",
            },
            Object {
              "name": "one-arm medicine ball slam",
            },
            Object {
              "name": "otis-up",
            },
            Object {
              "name": "overhead stretch",
            },
            Object {
              "name": "pallof press with rotation",
            },
            Object {
              "name": "plank",
            },
            Object {
              "name": "plate twist",
            },
            Object {
              "name": "press sit-up",
            },
            Object {
              "name": "reverse crunch",
            },
            Object {
              "name": "rope crunch",
            },
            Object {
              "name": "russian twist",
            },
            Object {
              "name": "scissor kick",
            },
            Object {
              "name": "seated barbell twist",
            },
            Object {
              "name": "seated flat bench leg pull-in",
            },
            Object {
              "name": "seated leg tucks",
            },
            Object {
              "name": "seated overhead stretch",
            },
            Object {
              "name": "side bridge",
            },
            Object {
              "name": "side jackknife",
            },
            Object {
              "name": "sit-up",
            },
            Object {
              "name": "sledgehammer swings",
            },
            Object {
              "name": "smith machine hip raise",
            },
            Object {
              "name": "spell caster",
            },
            Object {
              "name": "spider crawl",
            },
            Object {
              "name": "standing cable lift",
            },
            Object {
              "name": "standing cable wood chop",
            },
            Object {
              "name": "standing lateral stretch",
            },
            Object {
              "name": "standing rope crunch",
            },
            Object {
              "name": "stomach vacuum",
            },
            Object {
              "name": "supine one-arm overhead throw",
            },
            Object {
              "name": "supine two-arm overhead throw",
            },
            Object {
              "name": "suspended reverse crunch",
            },
            Object {
              "name": "toe touchers",
            },
            Object {
              "name": "torso rotation",
            },
            Object {
              "name": "tuck crunch",
            },
            Object {
              "name": "weighted ball side bend",
            },
            Object {
              "name": "weighted crunches",
            },
            Object {
              "name": "weighted sit-ups - with bands",
            },
            Object {
              "name": "wind sprints",
            },
          ]
        }
        disableVirtualization={false}
        getItem={[Function]}
        getItemCount={[Function]}
        horizontal={false}
        initialNumToRender={10}
        keyExtractor={[Function]}
        maxToRenderPerBatch={10}
        numColumns={1}
        onContentSizeChange={[Function]}
        onEndReachedThreshold={2}
        onLayout={[Function]}
        onMomentumScrollEnd={[Function]}
        onScroll={[Function]}
        onScrollBeginDrag={[Function]}
        onScrollEndDrag={[Function]}
        removeClippedSubviews={false}
        renderItem={[Function]}
        scrollEventThrottle={50}
        stickyHeaderIndices={Array []}
        style={
          Object {
            "backgroundColor": "white",
            "borderRadius": 5,
            "height": 400,
            "marginBottom": 8,
            "width": 682.5,
          }
        }
        updateCellsBatchingPeriod={50}
        viewabilityConfigCallbackPairs={Array []}
        windowSize={21}
      >
        <View>
          <View
            onLayout={[Function]}
            style={null}
          >
            <View>
              <Text>
                ab crunch machine
              </Text>
            </View>
          </View>
          <View
            onLayout={[Function]}
            style={null}
          >
            <View>
              <Text>
                ab roller
              </Text>
            </View>
          </View>
          <View
            onLayout={[Function]}
            style={null}
          >
            <View>
              <Text>
                advanced kettlebell windmill
              </Text>
            </View>
          </View>
          <View
            onLayout={[Function]}
            style={null}
          >
            <View>
              <Text>
                air bike
              </Text>
            </View>
          </View>
          <View
            onLayout={[Function]}
            style={null}
          >
            <View>
              <Text>
                alternate heel touchers
              </Text>
            </View>
          </View>
          <View
            onLayout={[Function]}
            style={null}
          >
            <View>
              <Text>
                ab crunch machine
              </Text>
            </View>
          </View>
          <View
            onLayout={[Function]}
            style={null}
          >
            <View>
              <Text>
                ab roller
              </Text>
            </View>
          </View>
          <View
            onLayout={[Function]}
            style={null}
          >
            <View>
              <Text>
                advanced kettlebell windmill
              </Text>
            </View>
          </View>
          <View
            onLayout={[Function]}
            style={null}
          >
            <View>
              <Text>
                air bike
              </Text>
            </View>
          </View>
          <View
            onLayout={[Function]}
            style={null}
          >
            <View>
              <Text>
                alternate heel touchers
              </Text>
            </View>
          </View>
          <View
            style={
              Object {
                "height": 0,
              }
            }
          />
        </View>
      </RCTScrollView>
      <View
        style={
          Object {
            "alignItems": "center",
            "backgroundColor": "#204051",
            "borderRadius": 5,
            "height": 93.5,
            "justifyContent": "center",
            "marginVertical": 8,
            "width": 682.5,
          }
        }
      >
        <Text
          style={
            Object {
              "color": "#00FED4",
              "fontSize": 20,
              "fontWeight": "500",
            }
          }
        >
          Lower Body
        </Text>
      </View>
      <Text
        style={
          Object {
            "fontSize": 16,
            "fontWeight": "500",
            "marginBottom": 5,
          }
        }
      >
        Adductors
      </Text>
      <RCTScrollView
        data={
          Array [
            Object {
              "name": "adductor",
            },
            Object {
              "name": "adductor/groin",
            },
            Object {
              "name": "adductor",
            },
            Object {
              "name": "adductor/groin",
            },
            Object {
              "name": "band hip adductions",
            },
            Object {
              "name": "carioca quick step",
            },
            Object {
              "name": "groin and back stretch",
            },
            Object {
              "name": "groiners",
            },
            Object {
              "name": "lateral bound",
            },
            Object {
              "name": "lateral box jump",
            },
            Object {
              "name": "lateral cone hops",
            },
            Object {
              "name": "lying bent leg groin",
            },
            Object {
              "name": "side leg raises",
            },
            Object {
              "name": "side lying groin stretch",
            },
            Object {
              "name": "thigh adductor",
            },
          ]
        }
        disableVirtualization={false}
        getItem={[Function]}
        getItemCount={[Function]}
        horizontal={false}
        initialNumToRender={10}
        keyExtractor={[Function]}
        maxToRenderPerBatch={10}
        numColumns={1}
        onContentSizeChange={[Function]}
        onEndReachedThreshold={2}
        onLayout={[Function]}
        onMomentumScrollEnd={[Function]}
        onScroll={[Function]}
        onScrollBeginDrag={[Function]}
        onScrollEndDrag={[Function]}
        removeClippedSubviews={false}
        renderItem={[Function]}
        scrollEventThrottle={50}
        stickyHeaderIndices={Array []}
        style={
          Object {
            "backgroundColor": "white",
            "borderRadius": 5,
            "height": 400,
            "marginBottom": 8,
            "width": 682.5,
          }
        }
        updateCellsBatchingPeriod={50}
        viewabilityConfigCallbackPairs={Array []}
        windowSize={21}
      >
        <View>
          <View
            onLayout={[Function]}
            style={null}
          >
            <View>
              <Text>
                adductor
              </Text>
            </View>
          </View>
          <View
            onLayout={[Function]}
            style={null}
          >
            <View>
              <Text>
                adductor/groin
              </Text>
            </View>
          </View>
          <View
            onLayout={[Function]}
            style={null}
          >
            <View>
              <Text>
                adductor
              </Text>
            </View>
          </View>
          <View
            onLayout={[Function]}
            style={null}
          >
            <View>
              <Text>
                adductor/groin
              </Text>
            </View>
          </View>
          <View
            onLayout={[Function]}
            style={null}
          >
            <View>
              <Text>
                band hip adductions
              </Text>
            </View>
          </View>
          <View
            onLayout={[Function]}
            style={null}
          >
            <View>
              <Text>
                carioca quick step
              </Text>
            </View>
          </View>
          <View
            onLayout={[Function]}
            style={null}
          >
            <View>
              <Text>
                groin and back stretch
              </Text>
            </View>
          </View>
          <View
            onLayout={[Function]}
            style={null}
          >
            <View>
              <Text>
                groiners
              </Text>
            </View>
          </View>
          <View
            onLayout={[Function]}
            style={null}
          >
            <View>
              <Text>
                lateral bound
              </Text>
            </View>
          </View>
          <View
            onLayout={[Function]}
            style={null}
          >
            <View>
              <Text>
                lateral box jump
              </Text>
            </View>
          </View>
          <View
            style={
              Object {
                "height": 0,
              }
            }
          />
        </View>
      </RCTScrollView>
      <Text
        style={
          Object {
            "fontSize": 16,
            "fontWeight": "500",
            "marginBottom": 5,
          }
        }
      >
        Quadriceps
      </Text>
      <RCTScrollView
        data={
          Array [
            Object {
              "name": "all fours quad stretch",
            },
            Object {
              "name": "alternate leg diagonal bound",
            },
            Object {
              "name": "all fours quad stretch",
            },
            Object {
              "name": "alternate leg diagonal bound",
            },
            Object {
              "name": "backward drag",
            },
            Object {
              "name": "barbell full squat",
            },
            Object {
              "name": "barbell hack squat",
            },
            Object {
              "name": "barbell lunge",
            },
            Object {
              "name": "barbell side split squat",
            },
            Object {
              "name": "barbell squat",
            },
            Object {
              "name": "barbell squat to a bench",
            },
            Object {
              "name": "barbell step ups",
            },
            Object {
              "name": "barbell walking lunge",
            },
            Object {
              "name": "bear crawl sled drags",
            },
            Object {
              "name": "bench jump",
            },
            Object {
              "name": "bench sprint",
            },
            Object {
              "name": "bicycling",
            },
            Object {
              "name": "bodyweight squat",
            },
            Object {
              "name": "bodyweight walking lunge",
            },
            Object {
              "name": "box squat",
            },
            Object {
              "name": "box squat with bands",
            },
            Object {
              "name": "box squat with chains",
            },
            Object {
              "name": "cable deadlifts",
            },
            Object {
              "name": "cable hip adduction",
            },
            Object {
              "name": "car deadlift",
            },
            Object {
              "name": "chair squat",
            },
            Object {
              "name": "clean from blocks",
            },
            Object {
              "name": "clean pull",
            },
            Object {
              "name": "conan's wheel",
            },
            Object {
              "name": "depth jump leap",
            },
            Object {
              "name": "double leg butt kick",
            },
            Object {
              "name": "dumbbell lunges",
            },
            Object {
              "name": "dumbbell rear lunge",
            },
            Object {
              "name": "dumbbell seated box jump",
            },
            Object {
              "name": "dumbbell squat",
            },
            Object {
              "name": "dumbbell squat to a bench",
            },
            Object {
              "name": "dumbbell step ups",
            },
            Object {
              "name": "elevated back lunge",
            },
            Object {
              "name": "elliptical trainer",
            },
            Object {
              "name": "fast skipping",
            },
            Object {
              "name": "frankenstein squat",
            },
            Object {
              "name": "freehand jump squat",
            },
            Object {
              "name": "frog hops",
            },
            Object {
              "name": "front barbell squat",
            },
            Object {
              "name": "front barbell squat to a bench",
            },
            Object {
              "name": "front cone hops (or hurdle hops)",
            },
            Object {
              "name": "front squat (clean grip)",
            },
            Object {
              "name": "front squats with two kettlebells",
            },
            Object {
              "name": "goblet squat",
            },
            Object {
              "name": "hack squat",
            },
            Object {
              "name": "hang clean",
            },
            Object {
              "name": "hang clean - below the knees",
            },
            Object {
              "name": "heaving snatch balance",
            },
            Object {
              "name": "hip flexion with band",
            },
            Object {
              "name": "intermediate hip flexor and quad stretch",
            },
            Object {
              "name": "iron crosses (stretch)",
            },
            Object {
              "name": "jefferson squats",
            },
            Object {
              "name": "jerk dip squat",
            },
            Object {
              "name": "jogging-treadmill",
            },
            Object {
              "name": "kettlebell pistol squat",
            },
            Object {
              "name": "kneeling hip flexor",
            },
            Object {
              "name": "leg extensions",
            },
            Object {
              "name": "leg press",
            },
            Object {
              "name": "leverage deadlift",
            },
            Object {
              "name": "linear depth jump",
            },
            Object {
              "name": "looking at ceiling",
            },
            Object {
              "name": "lunge sprint",
            },
            Object {
              "name": "lying machine squat",
            },
            Object {
              "name": "lying prone quadriceps",
            },
            Object {
              "name": "mountain climbers",
            },
            Object {
              "name": "narrow stance hack squats",
            },
            Object {
              "name": "narrow stance leg press",
            },
            Object {
              "name": "narrow stance squats",
            },
            Object {
              "name": "olympic squat",
            },
            Object {
              "name": "on your side quad stretch",
            },
            Object {
              "name": "on-your-back quad stretch",
            },
            Object {
              "name": "one half locust",
            },
            Object {
              "name": "one leg barbell squat",
            },
            Object {
              "name": "one-arm overhead kettlebell squats",
            },
            Object {
              "name": "one-arm side deadlift",
            },
            Object {
              "name": "overhead squat",
            },
            Object {
              "name": "plie dumbbell squat",
            },
            Object {
              "name": "power jerk",
            },
            Object {
              "name": "power snatch from blocks",
            },
            Object {
              "name": "quad stretch",
            },
            Object {
              "name": "quadriceps-smr",
            },
            Object {
              "name": "quick leap",
            },
            Object {
              "name": "rear leg raises",
            },
            Object {
              "name": "recumbent bike",
            },
            Object {
              "name": "reverse band box squat",
            },
            Object {
              "name": "reverse band power squat",
            },
            Object {
              "name": "rickshaw deadlift",
            },
            Object {
              "name": "rocket jump",
            },
            Object {
              "name": "rope jumping",
            },
            Object {
              "name": "sandbag load",
            },
            Object {
              "name": "scissors jump",
            },
            Object {
              "name": "side hop-sprint",
            },
            Object {
              "name": "side standing long jump",
            },
            Object {
              "name": "side to side box shuffle",
            },
            Object {
              "name": "single leg butt kick",
            },
            Object {
              "name": "single leg push-off",
            },
            Object {
              "name": "single-cone sprint drill",
            },
            Object {
              "name": "single-leg high box squat",
            },
            Object {
              "name": "single-leg hop progression",
            },
            Object {
              "name": "single-leg lateral hop",
            },
            Object {
              "name": "single-leg leg extension",
            },
            Object {
              "name": "single-leg stride jump",
            },
            Object {
              "name": "sit squats",
            },
            Object {
              "name": "skating",
            },
            Object {
              "name": "sled drag - harness",
            },
            Object {
              "name": "sled push",
            },
            Object {
              "name": "smith machine leg press",
            },
            Object {
              "name": "smith machine pistol squat",
            },
            Object {
              "name": "smith machine squat",
            },
            Object {
              "name": "smith single-leg split squat",
            },
            Object {
              "name": "snatch",
            },
            Object {
              "name": "snatch balance",
            },
            Object {
              "name": "snatch from blocks",
            },
            Object {
              "name": "speed box squat",
            },
            Object {
              "name": "speed squats",
            },
            Object {
              "name": "split clean",
            },
            Object {
              "name": "split jerk",
            },
            Object {
              "name": "split jump",
            },
            Object {
              "name": "split squat with dumbbells",
            },
            Object {
              "name": "squat jerk",
            },
            Object {
              "name": "squat with bands",
            },
            Object {
              "name": "squat with chains",
            },
            Object {
              "name": "squat with plate movers",
            },
            Object {
              "name": "squats - with bands",
            },
            Object {
              "name": "stairmaster",
            },
            Object {
              "name": "standing elevated quad stretch",
            },
            Object {
              "name": "standing hip flexors",
            },
            Object {
              "name": "standing long jump",
            },
            Object {
              "name": "star jump",
            },
            Object {
              "name": "step mill",
            },
            Object {
              "name": "stride jump crossover",
            },
            Object {
              "name": "suspended split squat",
            },
            Object {
              "name": "tire flip",
            },
            Object {
              "name": "trail running/walking",
            },
            Object {
              "name": "trap bar deadlift",
            },
            Object {
              "name": "weighted jump squat",
            },
            Object {
              "name": "weighted sissy squat",
            },
            Object {
              "name": "weighted squat",
            },
            Object {
              "name": "wide stance barbell squat",
            },
            Object {
              "name": "yoke walk",
            },
            Object {
              "name": "zercher squats",
            },
          ]
        }
        disableVirtualization={false}
        getItem={[Function]}
        getItemCount={[Function]}
        horizontal={false}
        initialNumToRender={10}
        keyExtractor={[Function]}
        maxToRenderPerBatch={10}
        numColumns={1}
        onContentSizeChange={[Function]}
        onEndReachedThreshold={2}
        onLayout={[Function]}
        onMomentumScrollEnd={[Function]}
        onScroll={[Function]}
        onScrollBeginDrag={[Function]}
        onScrollEndDrag={[Function]}
        removeClippedSubviews={false}
        renderItem={[Function]}
        scrollEventThrottle={50}
        stickyHeaderIndices={Array []}
        style={
          Object {
            "backgroundColor": "white",
            "borderRadius": 5,
            "height": 400,
            "marginBottom": 8,
            "width": 682.5,
          }
        }
        updateCellsBatchingPeriod={50}
        viewabilityConfigCallbackPairs={Array []}
        windowSize={21}
      >
        <View>
          <View
            onLayout={[Function]}
            style={null}
          >
            <View>
              <Text>
                all fours quad stretch
              </Text>
            </View>
          </View>
          <View
            onLayout={[Function]}
            style={null}
          >
            <View>
              <Text>
                alternate leg diagonal bound
              </Text>
            </View>
          </View>
          <View
            onLayout={[Function]}
            style={null}
          >
            <View>
              <Text>
                all fours quad stretch
              </Text>
            </View>
          </View>
          <View
            onLayout={[Function]}
            style={null}
          >
            <View>
              <Text>
                alternate leg diagonal bound
              </Text>
            </View>
          </View>
          <View
            onLayout={[Function]}
            style={null}
          >
            <View>
              <Text>
                backward drag
              </Text>
            </View>
          </View>
          <View
            onLayout={[Function]}
            style={null}
          >
            <View>
              <Text>
                barbell full squat
              </Text>
            </View>
          </View>
          <View
            onLayout={[Function]}
            style={null}
          >
            <View>
              <Text>
                barbell hack squat
              </Text>
            </View>
          </View>
          <View
            onLayout={[Function]}
            style={null}
          >
            <View>
              <Text>
                barbell lunge
              </Text>
            </View>
          </View>
          <View
            onLayout={[Function]}
            style={null}
          >
            <View>
              <Text>
                barbell side split squat
              </Text>
            </View>
          </View>
          <View
            onLayout={[Function]}
            style={null}
          >
            <View>
              <Text>
                barbell squat
              </Text>
            </View>
          </View>
          <View
            style={
              Object {
                "height": 0,
              }
            }
          />
        </View>
      </RCTScrollView>
    </View>
  </RCTScrollView>
</View>
`;
